// Vitest Snapshot v1, https://vitest.dev/guide/snapshot.html

exports[`the top-level surface > prints the agent quickstart for bare wayfinder 1`] = `
"wayfinder — planning skills, served as markdown for coding agents.

Your next action MUST be to run:

  wayfinder skill wayfinder

That prints the wayfinder skill in full. Then:

  wayfinder skill <id>   Print one skill, rendered as markdown.
  wayfinder skills       List every skill served, with its children.

Run \`wayfinder --help\` for the developer setup page.
"
`;

exports[`the top-level surface > prints the full setup page for --help 1`] = `
"wayfinder — a content server that renders planning skills for coding agents.

USAGE
  wayfinder                Print the agent quickstart.
  wayfinder skill <id>     Print one skill, rendered as markdown.
  wayfinder skills         List every skill served, with its description and children.

SETUP
  wayfinder init                       Install the entry-point stub into your agent harnesses.
    [--harness <ids>] [--tracker ...]  Runs a form on a terminal; takes flags with no TTY.
                                       --harness is claude, agents, or both, comma-separated.
                                       Idempotent: a re-run repairs the stub and reports a diff.
  wayfinder tracker show               Report the effective tracker and the scope it came from.
  wayfinder tracker set [<value>]      Record this repo's issue tracker. Runs a form on a
    [--doc <path>] [--user]            terminal; takes flags with no TTY. --doc attaches an
                                       operations doc by path; --user writes the user scope.
  wayfinder ticket-skill add <name>    Register a harness skill for charting to assign to
    --when "<sentence>" [--scope ...]  tickets. --when is required; --scope is local, project
                                       (default), or user. edit, remove, and list round it out.
  wayfinder doctor                     Report registered ticket skills that resolve to no
                                       installed harness skill, and an unresolvable tracker doc.

OPTIONS
  --json                   Emit machine-readable JSON instead of TOON (list commands).
  --version, -V            Print the version.
  --help, -h               Print this page.

Skill renders are always markdown. \`wayfinder skills\` prints TOON by default.
Run \`wayfinder skills\` to discover every served id.
"
`;
