// Vitest Snapshot v1, https://vitest.dev/guide/snapshot.html

exports[`the top-level surface > prints the agent quickstart for bare wayfinder 1`] = `
"wayfinder — planning skills, served as markdown for coding agents.

Your next action MUST be to run:

  wayfinder skill wayfinder

That prints the wayfinder skill in full. Then:

  wayfinder skill <id>   Print one skill, rendered as markdown.
  wayfinder skills       List every skill served, with its children.

Run \`wayfinder --help\` for the developer setup page.
"
`;

exports[`the top-level surface > prints the full setup page for --help 1`] = `
"wayfinder — a content server that renders planning skills for coding agents.

USAGE
  wayfinder                Print the agent quickstart.
  wayfinder skill <id>     Print one skill, rendered as markdown.
  wayfinder skills         List every skill served, with its description and children.

OPTIONS
  --json                   Emit machine-readable JSON instead of TOON (list commands).
  --version, -V            Print the version.
  --help, -h               Print this page.

Skill renders are always markdown. \`wayfinder skills\` prints TOON by default.
Run \`wayfinder skills\` to discover every served id.
"
`;
